ets Jul 29 2019 12:21:46

rst:0x1 (Pï¿½ets Jul 29 2019 12:21:46

rst:0x1 (POWERON_RESET),boot:0x13 (SPI_FAST_FLASH_BOOT)
configsip: 0, SPIWP:0xee
clk_drv:0x00,q_drv:0x00,d_drv:0x00,cs0_drv:0x00,hd_drv:0x00,wp_drv:0x00
mode:DIO, clock div:2
load:0x3fff0030,len:7084
ho 0 tail 12 room 4
load:0x40078000,len:15584
load:0x40080400,len:4
load:0x40080404,len:3876
entry 0x4008064c
[0;32mI (31) boot: ESP-IDF v5.1.2-dirty 2nd stage bootloader[0m
[0;32mI (31) boot: compile time May  7 2024 18:02:14[0m
[0;32mI (31) boot: Multicore bootloader[0m
[0;32mI (36) boot: chip revision: v3.0[0m
[0;32mI (40) boot.esp32: SPI Speed      : 40MHz[0m
[0;32mI (44) boot.esp32: SPI Mode       : DIO[0m
[0;32mI (49) boot.esp32: SPI Flash Size : 2MB[0m
[0;32mI (53) boot: Enabling RNG early entropy source...[0m
[0;32mI (59) boot: Partition Table:[0m
[0;32mI (62) boot: ## Label            Usage          Type ST Offset   Length[0m
[0;32mI (70) boot:  0 nvs              WiFi data        01 02 00009000 00006000[0m
[0;32mI (77) boot:  1 phy_init         RF data          01 01 0000f000 00001000[0m
[0;32mI (85) boot:  2 factory          factory app      00 00 00010000 00100000[0m
[0;32mI (92) boot: End of partition table[0m
[0;32mI (96) esp_image: segment 0: paddr=00010020 vaddr=3f400020 size=25984h (153988) map[0m
[0;32mI (160) esp_image: segment 1: paddr=000359ac vaddr=3ffb0000 size=03ad4h ( 15060) load[0m
[0;32mI (167) esp_image: segment 2: paddr=00039488 vaddr=40080000 size=06b90h ( 27536) load[0m
[0;32mI (178) esp_image: segment 3: paddr=00040020 vaddr=400d0020 size=8d0d0h (577744) map[0m
[0;32mI (387) esp_image: segment 4: paddr=000cd0f8 vaddr=40086b90 size=0fe00h ( 65024) load[0m
[0;32mI (426) boot: Loaded app from partition at offset 0x10000[0m
[0;32mI (426) boot: Disabling RNG early entropy source...[0m
[0;32mI (437) cpu_start: Multicore app[0m
[0;32mI (438) cpu_start: Pro cpu up.[0m
[0;32mI (438) cpu_start: Starting app cpu, entry point is 0x40081460[0m
[0;32mI (0) cpu_start: App cpu up.[0m
[0;32mI (456) cpu_start: Pro cpu start user code[0m
[0;32mI (456) cpu_start: cpu freq: 160000000 Hz[0m
[0;32mI (456) cpu_start: Application information:[0m
[0;32mI (460) cpu_start: Project name:     test[0m
[0;32mI (465) cpu_start: App version:      v5.1.2-dirty[0m
[0;32mI (470) cpu_start: Compile time:     May  7 2024 18:01:56[0m
[0;32mI (477) cpu_start: ELF file SHA256:  9978fe3c...[0m
[0;32mI (482) cpu_start: ESP-IDF:          v5.1.2-dirty[0m
[0;32mI (487) cpu_start: Min chip rev:     v0.0[0m
[0;32mI (492) cpu_start: Max chip rev:     v3.99 [0m
[0;32mI (497) cpu_start: Chip rev:         v3.0[0m
[0;32mI (502) heap_init: Initializing. RAM available for dynamic allocation:[0m
[0;32mI (509) heap_init: At 3FFAE6E0 len 00001920 (6 KiB): DRAM[0m
[0;32mI (515) heap_init: At 3FFB7C18 len 000283E8 (160 KiB): DRAM[0m
[0;32mI (521) heap_init: At 3FFE0440 len 00003AE0 (14 KiB): D/IRAM[0m
[0;32mI (527) heap_init: At 3FFE4350 len 0001BCB0 (111 KiB): D/IRAM[0m
[0;32mI (534) heap_init: At 40096990 len 00009670 (37 KiB): IRAM[0m
[0;32mI (542) spi_flash: detected chip: generic[0m
[0;32mI (545) spi_flash: flash io: dio[0m
[0;33mW (549) spi_flash: Detected size(4096k) larger than the size in the binary image header(2048k). Using the size in the binary image header.[0m
[0;32mI (562) app_start: Starting scheduler on CPU0[0m
[0;32mI (567) app_start: Starting scheduler on CPU1[0m
[0;32mI (567) main_task: Started on CPU0[0m
[0;32mI (577) main_task: Calling app_main()[0m
I (614) wifi:wifi driver task: 3ffbfc6c, prio:23, stack:6656, core=0
I (635) wifi:wifi firmware version: 91b9630
I (636) wifi:wifi certification version: v7.0
I (636) wifi:config NVS flash: enabled
I (636) wifi:config nano formating: disabled
I (640) wifi:Init data frame dynamic rx buffer num: 32
I (645) wifi:Init static rx mgmt buffer num: 5
I (649) wifi:Init management short buffer num: 32
I (654) wifi:Init dynamic tx buffer num: 32
I (658) wifi:Init static rx buffer size: 1600
I (662) wifi:Init static rx buffer num: 10
I (665) wifi:Init dynamic rx buffer num: 32
[0;32mI (670) wifi_init: rx ba win: 6[0m
[0;32mI (673) wifi_init: tcpip mbox: 32[0m
[0;32mI (677) wifi_init: udp mbox: 6[0m
[0;32mI (681) wifi_init: tcp mbox: 6[0m
[0;32mI (685) wifi_init: tcp tx win: 5760[0m
[0;32mI (689) wifi_init: tcp rx win: 5760[0m
[0;32mI (693) wifi_init: tcp mss: 1440[0m
[0;32mI (697) wifi_init: WiFi IRAM OP enabled[0m
[0;32mI (701) wifi_init: WiFi RX IRAM OP enabled[0m
[0;32mI (708) wifi station: Starting connect[0m
[0;32mI (711) wifi station: Error check done[0m
[0;32mI (715) wifi station: Config done[0m
[0;32mI (722) phy_init: phy_version 4780,16b31a7,Sep 22 2023,20:42:16[0m
I (816) wifi:mode : sta (40:22:d8:63:7f:a4)
I (817) wifi:enable tsf
[0;32mI (819) wifi station: wifi_init_station finished.[0m
I (921) wifi:new:<6,0>, old:<1,0>, ap:<255,255>, sta:<6,0>, prof:1
I (924) wifi:state: init -> auth (b0)
I (939) wifi:state: auth -> init (1c0)
I (940) wifi:new:<6,0>, old:<6,0>, ap:<255,255>, sta:<6,0>, prof:1
[0;32mI (944) scan: retry to connect to the AP[0m
[0;32mI (944) scan: connect to the AP fail[0m
[0;32mI (3357) scan: retry to connect to the AP[0m
[0;32mI (3357) scan: connect to the AP fail[0m
I (3372) wifi:new:<6,0>, old:<6,0>, ap:<255,255>, sta:<6,0>, prof:1
I (3374) wifi:state: init -> auth (b0)
I (3384) wifi:state: auth -> assoc (0)
I (3396) wifi:state: assoc -> run (10)
I (3417) wifi:connected with MrAT, aid = 2, channel 6, BW20, bssid = 8e:e9:69:f3:65:cb
I (3418) wifi:security: WPA2-PSK, phy: bgn, rssi: -56
I (3424) wifi:pm start, type: 1

I (3478) wifi:AP's beacon interval = 102400 us, DTIM period = 2
[0;32mI (4429) esp_netif_handlers: sta ip: 192.168.43.192, mask: 255.255.255.0, gw: 192.168.43.1[0m
[0;32mI (4431) scan: got ip:192.168.43.192[0m
[0;32mI (4433) wifi station: Config done 2[0m
[0;32mI (4437) wifi station: connected to ap SSID:MrAT password:14042003[0m
[0;32mI (4444) http_server: Starting server on port: '80'[0m
[0;32mI (4453) http_server: Registering URI handlers[0m
[0;32mI (4455) http_server: Finish Regist URI handlers[0m
[0;32mI (4460) uart_task: start receive[0m
[0;32mI (4464) main_task: Returned from app_main()[0m
1
[0;32mI (10602) uart_task: UART_DHT_HUMID[0m
[0;32mI (10602) uart_task: 84.0[0m
1
1
[0;32mI (20692) uart_task: UART_BUTTON_1[0m
1
[0;32mI (30772) uart_task: UART_DHT_HUMID[0m
[0;32mI (30772) uart_task: 84.0[0m
1
[0;32mI (40792) uart_task: UART_DHT_HUMID[0m
[0;32mI (40792) uart_task: 84.0[0m
I (47723) wifi:<ba-add>idx:0 (ifx:0, 8e:e9:69:f3:65:cb), tid:0, ssn:3, winSize:64
[0;33mW (48747) httpd_uri: httpd_uri: URI '/favicon.ico' not found[0m
[0;33mW (48748) httpd_txrx: httpd_resp_send_err: 404 Not Found - 404 NOT FOUND[0m
1
[0;32mI (50873) uart_task: UART_DHT_HUMID[0m
[0;32mI (50873) uart_task: 84.0[0m
1
[0;32mI (60953) uart_task: UART_DHT_HUMID[0m
[0;32mI (60953) uart_task: 84.0[0m
1
[0;32mI (69413) uart_task: UART_DHT_HUMID[0m
[0;32mI (69413) uart_task: 83.0[0m
1
[0;32mI (69473) uart_task: UART_BUTTON_3[0m
1
[0;32mI (79493) uart_task: UART_DHT_HUMID[0m
[0;32mI (79493) uart_task: 83.0[0m
SW1 change state: 0rï¿½?ï¿½vï¿½?3
SW1 change state: 1rï¿½?ï¿½vï¿½?3
1
[0;32mI (89573) uart_task: UART_DHT_HUMID[0m
[0;32mI (89573) uart_task: 83.0[0m
SW1 change state: 0rï¿½?ï¿½vï¿½?3
SW1 change state: 1rï¿½?ï¿½vï¿½?3
1
[0;32mI (99595) uart_task: UART_DHT_HUMID[0m
[0;32mI (99595) uart_task: 84.0[0m
1
[0;32mI (109675) uart_task: UART_DHT_HUMID[0m
[0;32mI (109675) uart_task: 84.0[0m
SW1 change state: 0rï¿½?ï¿½vï¿½?3
SW1 change state: 1rï¿½?ï¿½vï¿½?3
1
1
1
1
[0;32mI (139885) uart_task: UART_BUTTON_1[0m
1
[0;32mI (149908) uart_task: UART_DHT_HUMID[0m
[0;32mI (149908) uart_task: 84.0[0m
1
[0;32mI (159988) uart_task: UART_DHT_HUMID[0m
[0;32mI (159988) uart_task: 84.0[0m
1
[0;32mI (170068) uart_task: UART_DHT_HUMID[0m
[0;32mI (170068) uart_task: 84.0[0m
1
[0;32mI (180097) uart_task: UART_DHT_HUMID[0m
[0;32mI (180097) uart_task: 84.0[0m
1
Guru Meditation Error: Core  0 panic'ed (LoadProhibited). Exception was unhandled.

Core  0 register dump:
PC      : 0x400da04f  PS      : 0x00060830  A0      : 0x800d6b01  A1      : 0x3ffcb790  
A2      : 0x00000001  A3      : 0xcec6cece  A4      : 0x00000400  A5      : 0x0000000a  
A6      : 0x3ffc5968  A7      : 0x000000f0  A8      : 0x80146b1a  A9      : 0x3ffcb780  
A10     : 0x0000000a  A11     : 0x0000000a  A12     : 0x3ffc638c  A13     : 0x00000000  
A14     : 0x00000000  A15     : 0xb33fffff  SAR     : 0x00000018  EXCCAUSE: 0x0000001c  
EXCVADDR: 0xcec6cfbe  LBEG    : 0x400014fd  LEND    : 0x4000150d  LCOUNT  : 0xffffffff  


Backtrace: 0x400da04c:0x3ffcb790 0x400d6afe:0x3ffcb7e0 0x4008a9a1:0x3ffcbc10




ELF file SHA256: 9978fe3c

Rebooting...
ets Jul 29 2019 12:21:46

rst:0xc (SW_CPU_RESET),boot:0x13 (SPI_FAST_FLASH_BOOT)
configsip: 0, SPIWP:0xee
clk_drv:0x00,q_drv:0x00,d_drv:0x00,cs0_drv:0x00,hd_drv:0x00,wp_drv:0x00
mode:DIO, clock div:2
load:0x3fff0030,len:7084
ho 0 tail 12 room 4
load:0x40078000,len:15584
load:0x40080400,len:4
load:0x40080404,len:3876
entry 0x4008064c
[0;32mI (31) boot: ESP-IDF v5.1.2-dirty 2nd stage bootloader[0m
[0;32mI (31) boot: compile time May  7 2024 18:02:14[0m
[0;32mI (31) boot: Multicore bootloader[0m
[0;32mI (36) boot: chip revision: v3.0[0m
[0;32mI (40) boot.esp32: SPI Speed      : 40MHz[0m
[0;32mI (44) boot.esp32: SPI Mode       : DIO[0m
[0;32mI (49) boot.esp32: SPI Flash Size : 2MB[0m
[0;32mI (53) boot: Enabling RNG early entropy source...[0m
[0;32mI (59) boot: Partition Table:[0m
[0;32mI (62) boot: ## Label            Usage          Type ST Offset   Length[0m
[0;32mI (70) boot:  0 nvs              WiFi data        01 02 00009000 00006000[0m
[0;32mI (77) boot:  1 phy_init         RF data          01 01 0000f000 00001000[0m
[0;32mI (85) boot:  2 factory          factory app      00 00 00010000 00100000[0m
[0;32mI (92) boot: End of partition table[0m
[0;32mI (96) esp_image: segment 0: paddr=00010020 vaddr=3f400020 size=25984h (153988) map[0m
[0;32mI (160) esp_image: segment 1: paddr=000359ac vaddr=3ffb0000 size=03ad4h ( 15060) load[0m
[0;32mI (167) esp_image: segment 2: paddr=00039488 vaddr=40080000 size=06b90h ( 27536) load[0m
[0;32mI (178) esp_image: segment 3: paddr=00040020 vaddr=400d0020 size=8d0d0h (577744) map[0m
[0;32mI (387) esp_image: segment 4: paddr=000cd0f8 vaddr=40086b90 size=0fe00h ( 65024) load[0m
[0;32mI (426) boot: Loaded app from partition at offset 0x10000[0m
[0;32mI (426) boot: Disabling RNG early entropy source...[0m
[0;32mI (437) cpu_start: Multicore app[0m
[0;32mI (438) cpu_start: Pro cpu up.[0m
[0;32mI (438) cpu_start: Starting app cpu, entry point is 0x40081460[0m
[0;32mI (425) cpu_start: App cpu up.[0m
[0;32mI (456) cpu_start: Pro cpu start user code[0m
[0;32mI (456) cpu_start: cpu freq: 160000000 Hz[0m
[0;32mI (456) cpu_start: Application information:[0m
[0;32mI (460) cpu_start: Project name:     test[0m
[0;32mI (465) cpu_start: App version:      v5.1.2-dirty[0m
[0;32mI (471) cpu_start: Compile time:     May  7 2024 18:01:56[0m
[0;32mI (477) cpu_start: ELF file SHA256:  9978fe3c...[0m
[0;32mI (482) cpu_start: ESP-IDF:          v5.1.2-dirty[0m
[0;32mI (487) cpu_start: Min chip rev:     v0.0[0m
[0;32mI (492) cpu_start: Max chip rev:     v3.99 [0m
[0;32mI (497) cpu_start: Chip rev:         v3.0[0m
[0;32mI (502) heap_init: Initializing. RAM available for dynamic allocation:[0m
[0;32mI (509) heap_init: At 3FFAE6E0 len 00001920 (6 KiB): DRAM[0m
[0;32mI (515) heap_init: At 3FFB7C18 len 000283E8 (160 KiB): DRAM[0m
[0;32mI (521) heap_init: At 3FFE0440 len 00003AE0 (14 KiB): D/IRAM[0m
[0;32mI (527) heap_init: At 3FFE4350 len 0001BCB0 (111 KiB): D/IRAM[0m
[0;32mI (534) heap_init: At 40096990 len 00009670 (37 KiB): IRAM[0m
[0;32mI (542) spi_flash: detected chip: generic[0m
[0;32mI (545) spi_flash: flash io: dio[0m
[0;33mW (549) spi_flash: Detected size(4096k) larger than the size in the binary image header(2048k). Using the size in the binary image header.[0m
[0;32mI (563) app_start: Starting scheduler on CPU0[0m
[0;32mI (567) app_start: Starting scheduler on CPU1[0m
[0;32mI (567) main_task: Started on CPU0[0m
[0;32mI (577) main_task: Calling app_main()[0m
I (614) wifi:wifi driver task: 3ffbfc6c, prio:23, stack:6656, core=0
I (635) wifi:wifi firmware version: 91b9630
I (636) wifi:wifi certification version: v7.0
I (636) wifi:config NVS flash: enabled
I (636) wifi:config nano formating: disabled
I (640) wifi:Init data frame dynamic rx buffer num: 32
I (645) wifi:Init static rx mgmt buffer num: 5
I (649) wifi:Init management short buffer num: 32
I (654) wifi:Init dynamic tx buffer num: 32
I (658) wifi:Init static rx buffer size: 1600
I (662) wifi:Init static rx buffer num: 10
I (665) wifi:Init dynamic rx buffer num: 32
[0;32mI (670) wifi_init: rx ba win: 6[0m
[0;32mI (673) wifi_init: tcpip mbox: 32[0m
[0;32mI (677) wifi_init: udp mbox: 6[0m
[0;32mI (681) wifi_init: tcp mbox: 6[0m
[0;32mI (685) wifi_init: tcp tx win: 5760[0m
[0;32mI (689) wifi_init: tcp rx win: 5760[0m
[0;32mI (693) wifi_init: tcp mss: 1440[0m
[0;32mI (697) wifi_init: WiFi IRAM OP enabled[0m
[0;32mI (701) wifi_init: WiFi RX IRAM OP enabled[0m
[0;32mI (708) wifi station: Starting connect[0m
[0;32mI (711) wifi station: Error check done[0m
[0;32mI (715) wifi station: Config done[0m
[0;32mI (723) phy_init: phy_version 4780,16b31a7,Sep 22 2023,20:42:16[0m
I (802) wifi:mode : sta (40:22:d8:63:7f:a4)
I (803) wifi:enable tsf
[0;32mI (805) wifi station: wifi_init_station finished.[0m
I (815) wifi:new:<6,0>, old:<1,0>, ap:<255,255>, sta:<6,0>, prof:1
I (818) wifi:state: init -> auth (b0)
I (826) wifi:state: auth -> init (1c0)
I (827) wifi:new:<6,0>, old:<6,0>, ap:<255,255>, sta:<6,0>, prof:1
[0;32mI (831) scan: retry to connect to the AP[0m
[0;32mI (831) scan: connect to the AP fail[0m
[0;32mI (3244) scan: retry to connect to the AP[0m
[0;32mI (3244) scan: connect to the AP fail[0m
I (3253) wifi:new:<6,0>, old:<6,0>, ap:<255,255>, sta:<6,0>, prof:1
I (3254) wifi:state: init -> auth (b0)
I (3264) wifi:state: auth -> assoc (0)
I (3276) wifi:state: assoc -> run (10)
I (3313) wifi:connected with MrAT, aid = 4, channel 6, BW20, bssid = 8e:e9:69:f3:65:cb
I (3314) wifi:security: WPA2-PSK, phy: bgn, rssi: -53
I (3320) wifi:pm start, type: 1

I (3350) wifi:AP's beacon interval = 102400 us, DTIM period = 2
[0;32mI (4327) esp_netif_handlers: sta ip: 192.168.43.192, mask: 255.255.255.0, gw: 192.168.43.1[0m
[0;32mI (4327) scan: got ip:192.168.43.192[0m
[0;32mI (4329) wifi station: Config done 2[0m
[0;32mI (4334) wifi station: connected to ap SSID:MrAT password:14042003[0m
[0;32mI (4340) http_server: Starting server on port: '80'[0m
[0;32mI (4350) http_server: Registering URI handlers[0m
[0;32mI (4351) http_server: Finish Regist URI handlers[0m
[0;32mI (4356) uart_task: start receive[0m
[0;32mI (4361) main_task: Returned from app_main()[0m
1
[0;32mI (4371) uart_task: UART_DHT_HUMID[0m
[0;32mI (4371) uart_task: 84.0[0m
1
[0;32mI (11273) uart_task: UART_DHT_HUMID[0m
[0;32mI (11273) uart_task: 84.0[0m
1
[0;32mI (21293) uart_task: UART_DHT_HUMID[0m
[0;32mI (21293) uart_task: 84.0[0m
I (29059) wifi:<ba-add>idx:0 (ifx:0, 8e:e9:69:f3:65:cb), tid:0, ssn:3, winSize:64
1
[0;32mI (31373) uart_task: UART_DHT_HUMID[0m
[0;32mI (31373) uart_task: 84.0[0m
1
[0;32mI (41453) uart_task: UART_DHT_HUMID[0m
[0;32mI (41453) uart_task: 84.0[0m
1
[0;32mI (51483) uart_task: UART_DHT_HUMID[0m
[0;32mI (51483) uart_task: 83.0[0m
1
[0;32mI (61563) uart_task: UART_DHT_HUMID[0m
[0;32mI (61563) uart_task: 83.0[0m
1
[0;32mI (71643) uart_task: UART_DHT_HUMID[0m
[0;32mI (71643) uart_task: 83.0[0m
1
[0;32mI (81670) uart_task: UART_DHT_HUMID[0m
[0;32mI (81670) uart_task: 83.0[0m
1
1
[0;32mI (91760) uart_task: UART_BUTTON_1[0m
1
[0;32mI (93560) uart_task: UART_DHT_HUMID[0m
[0;32mI (93560) uart_task: 83.0[0m
1
[0;32mI (93620) uart_task: UART_BUTTON_3[0m
1
[0;32mI (103640) uart_task: UART_DHT_HUMID[0m
[0;32mI (103640) uart_task: 83.0[0m
1
[0;32mI (113720) uart_task: UART_DHT_HUMID[0m
[0;32mI (113720) uart_task: 83.0[0m
1
[0;32mI (123740) uart_task: UART_DHT_HUMID[0m
[0;32mI (123740) uart_task: 83.0[0m
1
[0;32mI (133820) uart_task: UART_DHT_HUMID[0m
[0;32mI (133820) uart_task: 83.0[0m
1
[0;32mI (143900) uart_task: UART_DHT_HUMID[0m
[0;32mI (143900) uart_task: 83.0[0m
1
[0;32mI (153931) uart_task: UART_DHT_HUMID[0m
[0;32mI (153931) uart_task: 83.0[0m
1
[0;32mI (164011) uart_task: UART_DHT_HUMID[0m
[0;32mI (164011) uart_task: 83.0[0m
1
[0;32mI (174091) uart_task: UART_DHT_HUMID[0m
[0;32mI (174091) uart_task: 83.0[0m
1
[0;32mI (184121) uart_task: UART_DHT_HUMID[0m
[0;32mI (184121) uart_task: 83.0[0m
1
[0;32mI (194201) uart_task: UART_DHT_HUMID[0m
[0;32mI (194201) uart_task: 83.0[0m
1
[0;32mI (204281) uart_task: UART_DHT_HUMID[0m
[0;32mI (204281) uart_task: 83.0[0m
