ets Jul 29 2019 12:21:46

rst:0x1 (POWERON_RESEï¿½ets Jul 29 2019 12:21:46

rst:0x1 (POWERON_RESET),boot:0x13 (SPI_FAST_FLASH_BOOT)
configsip: 0, SPIWP:0xee
clk_drv:0x00,q_drv:0x00,d_drv:0x00,cs0_drv:0x00,hd_drv:0x00,wp_drv:0x00
mode:DIO, clock div:2
load:0x3fff0030,len:7084
ho 0 tail 12 room 4
load:0x40078000,len:15584
load:0x40080400,len:4
load:0x40080404,len:3876
entry 0x4008064c
[0;32mI (31) boot: ESP-IDF v5.1.2-dirty 2nd stage bootloader[0m
[0;32mI (31) boot: compile time May  7 2024 18:02:14[0m
[0;32mI (31) boot: Multicore bootloader[0m
[0;32mI (36) boot: chip revision: v3.0[0m
[0;32mI (40) boot.esp32: SPI Speed      : 40MHz[0m
[0;32mI (44) boot.esp32: SPI Mode       : DIO[0m
[0;32mI (49) boot.esp32: SPI Flash Size : 2MB[0m
[0;32mI (53) boot: Enabling RNG early entropy source...[0m
[0;32mI (59) boot: Partition Table:[0m
[0;32mI (62) boot: ## Label            Usage          Type ST Offset   Length[0m
[0;32mI (70) boot:  0 nvs              WiFi data        01 02 00009000 00006000[0m
[0;32mI (77) boot:  1 phy_init         RF data          01 01 0000f000 00001000[0m
[0;32mI (85) boot:  2 factory          factory app      00 00 00010000 00100000[0m
[0;32mI (92) boot: End of partition table[0m
[0;32mI (96) esp_image: segment 0: paddr=00010020 vaddr=3f400020 size=2593ch (153916) map[0m
[0;32mI (160) esp_image: segment 1: paddr=00035964 vaddr=3ffb0000 size=03ad4h ( 15060) load[0m
[0;32mI (167) esp_image: segment 2: paddr=00039440 vaddr=40080000 size=06bd8h ( 27608) load[0m
[0;32mI (178) esp_image: segment 3: paddr=00040020 vaddr=400d0020 size=8d05ch (577628) map[0m
[0;32mI (387) esp_image: segment 4: paddr=000cd084 vaddr=40086bd8 size=0fdb8h ( 64952) load[0m
[0;32mI (426) boot: Loaded app from partition at offset 0x10000[0m
[0;32mI (426) boot: Disabling RNG early entropy source...[0m
[0;32mI (437) cpu_start: Multicore app[0m
[0;32mI (438) cpu_start: Pro cpu up.[0m
[0;32mI (438) cpu_start: Starting app cpu, entry point is 0x40081460[0m
[0;32mI (0) cpu_start: App cpu up.[0m
[0;32mI (455) cpu_start: Pro cpu start user code[0m
[0;32mI (456) cpu_start: cpu freq: 160000000 Hz[0m
[0;32mI (456) cpu_start: Application information:[0m
[0;32mI (460) cpu_start: Project name:     test[0m
[0;32mI (465) cpu_start: App version:      v5.1.2-dirty[0m
[0;32mI (470) cpu_start: Compile time:     May  7 2024 18:01:56[0m
[0;32mI (476) cpu_start: ELF file SHA256:  b04d0d23...[0m
[0;32mI (482) cpu_start: ESP-IDF:          v5.1.2-dirty[0m
[0;32mI (487) cpu_start: Min chip rev:     v0.0[0m
[0;32mI (492) cpu_start: Max chip rev:     v3.99 [0m
[0;32mI (497) cpu_start: Chip rev:         v3.0[0m
[0;32mI (502) heap_init: Initializing. RAM available for dynamic allocation:[0m
[0;32mI (509) heap_init: At 3FFAE6E0 len 00001920 (6 KiB): DRAM[0m
[0;32mI (515) heap_init: At 3FFB7C18 len 000283E8 (160 KiB): DRAM[0m
[0;32mI (521) heap_init: At 3FFE0440 len 00003AE0 (14 KiB): D/IRAM[0m
[0;32mI (527) heap_init: At 3FFE4350 len 0001BCB0 (111 KiB): D/IRAM[0m
[0;32mI (534) heap_init: At 40096990 len 00009670 (37 KiB): IRAM[0m
[0;32mI (541) spi_flash: detected chip: generic[0m
[0;32mI (544) spi_flash: flash io: dio[0m
[0;33mW (548) spi_flash: Detected size(4096k) larger than the size in the binary image header(2048k). Using the size in the binary image header.[0m
[0;32mI (562) app_start: Starting scheduler on CPU0[0m
[0;32mI (567) app_start: Starting scheduler on CPU1[0m
[0;32mI (567) main_task: Started on CPU0[0m
[0;32mI (577) main_task: Calling app_main()[0m
I (613) wifi:wifi driver task: 3ffbfcf0, prio:23, stack:6656, core=0
I (633) wifi:wifi firmware version: 91b9630
I (633) wifi:wifi certification version: v7.0
I (634) wifi:config NVS flash: enabled
I (634) wifi:config nano formating: disabled
I (638) wifi:Init data frame dynamic rx buffer num: 32
I (643) wifi:Init static rx mgmt buffer num: 5
I (647) wifi:Init management short buffer num: 32
I (651) wifi:Init dynamic tx buffer num: 32
I (655) wifi:Init static rx buffer size: 1600
I (659) wifi:Init static rx buffer num: 10
I (663) wifi:Init dynamic rx buffer num: 32
[0;32mI (668) wifi_init: rx ba win: 6[0m
[0;32mI (671) wifi_init: tcpip mbox: 32[0m
[0;32mI (675) wifi_init: udp mbox: 6[0m
[0;32mI (678) wifi_init: tcp mbox: 6[0m
[0;32mI (682) wifi_init: tcp tx win: 5760[0m
[0;32mI (686) wifi_init: tcp rx win: 5760[0m
[0;32mI (690) wifi_init: tcp mss: 1440[0m
[0;32mI (694) wifi_init: WiFi IRAM OP enabled[0m
[0;32mI (699) wifi_init: WiFi RX IRAM OP enabled[0m
[0;32mI (705) wifi station: Starting connect[0m
[0;32mI (708) wifi station: Error check done[0m
[0;32mI (712) wifi station: Config done[0m
[0;32mI (720) phy_init: phy_version 4780,16b31a7,Sep 22 2023,20:42:16[0m
I (804) wifi:mode : sta (40:22:d8:63:7f:a4)
I (805) wifi:enable tsf
[0;32mI (808) wifi station: wifi_init_station finished.[0m
[0;32mI (3225) scan: retry to connect to the AP[0m
[0;32mI (3225) scan: connect to the AP fail[0m
[0;32mI (5638) scan: retry to connect to the AP[0m
[0;32mI (5638) scan: connect to the AP fail[0m
[0;32mI (8050) scan: retry to connect to the AP[0m
[0;32mI (8051) scan: connect to the AP fail[0m
[0;32mI (10463) scan: retry to connect to the AP[0m
[0;32mI (10464) scan: connect to the AP fail[0m
[0;32mI (12876) scan: retry to connect to the AP[0m
[0;32mI (12877) scan: connect to the AP fail[0m
[0;32mI (15287) scan: connect to the AP fail[0m
[0;32mI (15287) wifi station: Config done 2[0m
[0;32mI (15287) wifi station: Failed to connect to SSID:KOPHiN COFFEE, password:kophincamon[0m
[0;32mI (15293) http_server: Starting server on port: '80'[0m
[0;32mI (15302) http_server: Registering URI handlers[0m
[0;32mI (15304) http_server: Finish Regist URI handlers[0m
[0;32mI (15310) uart_task: start receive[0m
[0;32mI (15314) main_task: Returned from app_main()[0m
1
[0;32mI (15324) uart_task: UART_DHT[0m
1
[0;32mI (22824) uart_task: UART_DHT[0m
