ets Jul 29 2019 12:21:46

rst:0x1 (Pï¿½ets Jul 29 2019 12:21:46

rst:0x1 (POWERON_RESET),boot:0x13 (SPI_FAST_FLASH_BOOT)
configsip: 0, SPIWP:0xee
clk_drv:0x00,q_drv:0x00,d_drv:0x00,cs0_drv:0x00,hd_drv:0x00,wp_drv:0x00
mode:DIO, clock div:2
load:0x3fff0030,len:7084
ho 0 tail 12 room 4
load:0x40078000,len:15584
load:0x40080400,len:4
load:0x40080404,len:3876
entry 0x4008064c
[0;32mI (31) boot: ESP-IDF v5.1.2-dirty 2nd stage bootloader[0m
[0;32mI (31) boot: compile time May  7 2024 18:02:14[0m
[0;32mI (31) boot: Multicore bootloader[0m
[0;32mI (36) boot: chip revision: v3.0[0m
[0;32mI (40) boot.esp32: SPI Speed      : 40MHz[0m
[0;32mI (44) boot.esp32: SPI Mode       : DIO[0m
[0;32mI (49) boot.esp32: SPI Flash Size : 2MB[0m
[0;32mI (53) boot: Enabling RNG early entropy source...[0m
[0;32mI (59) boot: Partition Table:[0m
[0;32mI (62) boot: ## Label            Usage          Type ST Offset   Length[0m
[0;32mI (70) boot:  0 nvs              WiFi data        01 02 00009000 00006000[0m
[0;32mI (77) boot:  1 phy_init         RF data          01 01 0000f000 00001000[0m
[0;32mI (85) boot:  2 factory          factory app      00 00 00010000 00100000[0m
[0;32mI (92) boot: End of partition table[0m
[0;32mI (96) esp_image: segment 0: paddr=00010020 vaddr=3f400020 size=25b3ch (154428) map[0m
[0;32mI (161) esp_image: segment 1: paddr=00035b64 vaddr=3ffb0000 size=03ad4h ( 15060) load[0m
[0;32mI (167) esp_image: segment 2: paddr=00039640 vaddr=40080000 size=069d8h ( 27096) load[0m
[0;32mI (178) esp_image: segment 3: paddr=00040020 vaddr=400d0020 size=8d0a8h (577704) map[0m
[0;32mI (387) esp_image: segment 4: paddr=000cd0d0 vaddr=400869d8 size=0ffb8h ( 65464) load[0m
[0;32mI (426) boot: Loaded app from partition at offset 0x10000[0m
[0;32mI (426) boot: Disabling RNG early entropy source...[0m
[0;32mI (437) cpu_start: Multicore app[0m
[0;32mI (438) cpu_start: Pro cpu up.[0m
[0;32mI (438) cpu_start: Starting app cpu, entry point is 0x40081460[0m
[0;32mI (0) cpu_start: App cpu up.[0m
[0;32mI (456) cpu_start: Pro cpu start user code[0m
[0;32mI (456) cpu_start: cpu freq: 160000000 Hz[0m
[0;32mI (456) cpu_start: Application information:[0m
[0;32mI (460) cpu_start: Project name:     test[0m
[0;32mI (465) cpu_start: App version:      v5.1.2-dirty[0m
[0;32mI (471) cpu_start: Compile time:     May  7 2024 18:01:56[0m
[0;32mI (477) cpu_start: ELF file SHA256:  8bab7e20...[0m
[0;32mI (482) cpu_start: ESP-IDF:          v5.1.2-dirty[0m
[0;32mI (487) cpu_start: Min chip rev:     v0.0[0m
[0;32mI (492) cpu_start: Max chip rev:     v3.99 [0m
[0;32mI (497) cpu_start: Chip rev:         v3.0[0m
[0;32mI (502) heap_init: Initializing. RAM available for dynamic allocation:[0m
[0;32mI (509) heap_init: At 3FFAE6E0 len 00001920 (6 KiB): DRAM[0m
[0;32mI (515) heap_init: At 3FFB7C18 len 000283E8 (160 KiB): DRAM[0m
[0;32mI (521) heap_init: At 3FFE0440 len 00003AE0 (14 KiB): D/IRAM[0m
[0;32mI (527) heap_init: At 3FFE4350 len 0001BCB0 (111 KiB): D/IRAM[0m
[0;32mI (534) heap_init: At 40096990 len 00009670 (37 KiB): IRAM[0m
[0;32mI (542) spi_flash: detected chip: generic[0m
[0;32mI (545) spi_flash: flash io: dio[0m
[0;33mW (549) spi_flash: Detected size(4096k) larger than the size in the binary image header(2048k). Using the size in the binary image header.[0m
[0;32mI (563) app_start: Starting scheduler on CPU0[0m
[0;32mI (567) app_start: Starting scheduler on CPU1[0m
[0;32mI (567) main_task: Started on CPU0[0m
[0;32mI (577) main_task: Calling app_main()[0m
I (612) wifi:wifi driver task: 3ffbfc6c, prio:23, stack:6656, core=0
I (632) wifi:wifi firmware version: 91b9630
I (633) wifi:wifi certification version: v7.0
I (633) wifi:config NVS flash: enabled
I (633) wifi:config nano formating: disabled
I (637) wifi:Init data frame dynamic rx buffer num: 32
I (642) wifi:Init static rx mgmt buffer num: 5
I (646) wifi:Init management short buffer num: 32
I (650) wifi:Init dynamic tx buffer num: 32
I (655) wifi:Init static rx buffer size: 1600
I (659) wifi:Init static rx buffer num: 10
I (662) wifi:Init dynamic rx buffer num: 32
[0;32mI (667) wifi_init: rx ba win: 6[0m
[0;32mI (670) wifi_init: tcpip mbox: 32[0m
[0;32mI (674) wifi_init: udp mbox: 6[0m
[0;32mI (678) wifi_init: tcp mbox: 6[0m
[0;32mI (681) wifi_init: tcp tx win: 5760[0m
[0;32mI (686) wifi_init: tcp rx win: 5760[0m
[0;32mI (690) wifi_init: tcp mss: 1440[0m
[0;32mI (694) wifi_init: WiFi IRAM OP enabled[0m
[0;32mI (698) wifi_init: WiFi RX IRAM OP enabled[0m
[0;32mI (705) wifi station: Starting connect[0m
[0;32mI (708) wifi station: Error check done[0m
[0;32mI (712) wifi station: Config done[0m
[0;32mI (719) phy_init: phy_version 4780,16b31a7,Sep 22 2023,20:42:16[0m
I (809) wifi:mode : sta (40:22:d8:63:7f:a4)
I (810) wifi:enable tsf
[0;32mI (813) wifi station: wifi_init_station finished.[0m
I (825) wifi:new:<6,0>, old:<1,0>, ap:<255,255>, sta:<6,0>, prof:1
I (827) wifi:state: init -> auth (b0)
I (835) wifi:state: auth -> init (1c0)
I (836) wifi:new:<6,0>, old:<6,0>, ap:<255,255>, sta:<6,0>, prof:1
[0;32mI (839) scan: retry to connect to the AP[0m
[0;32mI (840) scan: connect to the AP fail[0m
[0;32mI (3252) scan: retry to connect to the AP[0m
[0;32mI (3253) scan: connect to the AP fail[0m
I (3261) wifi:new:<6,0>, old:<6,0>, ap:<255,255>, sta:<6,0>, prof:1
I (3262) wifi:state: init -> auth (b0)
I (3268) wifi:state: auth -> assoc (0)
I (3284) wifi:state: assoc -> run (10)
I (3328) wifi:connected with MrAT, aid = 14, channel 6, BW20, bssid = 8e:e9:69:f3:65:cb
I (3328) wifi:security: WPA2-PSK, phy: bgn, rssi: -50
I (3335) wifi:pm start, type: 1

I (3405) wifi:AP's beacon interval = 102400 us, DTIM period = 2
[0;32mI (4340) esp_netif_handlers: sta ip: 192.168.43.192, mask: 255.255.255.0, gw: 192.168.43.1[0m
[0;32mI (4341) scan: got ip:192.168.43.192[0m
[0;32mI (4343) wifi station: Config done 2[0m
[0;32mI (4347) wifi station: connected to ap SSID:MrAT password:14042003[0m
[0;32mI (4354) http_server: Starting server on port: '80'[0m
[0;32mI (4363) http_server: Registering URI handlers[0m
[0;32mI (4365) http_server: Finish Regist URI handlers[0m
[0;32mI (4370) main_task: Returned from app_main()[0m
read header
[0;32mI (4380) uart_task: UART_DHT_HUMID[0m
[0;32mI (4380) uart_task: 80.0[0m
read header
[0;32mI (11463) uart_task: UART_DHT_HUMID[0m
[0;32mI (11463) uart_task: 80.0[0m
read header
[0;32mI (11523) uart_task: UART_DHT_TEMP[0m
[0;32mI (11523) uart_task: 32.3[0m
I (14879) wifi:<ba-add>idx:0 (ifx:0, 8e:e9:69:f3:65:cb), tid:0, ssn:3, winSize:64
read header
[0;32mI (21484) uart_task: UART_DHT_HUMID[0m
[0;32mI (21484) uart_task: 80.0[0m
read header
[0;32mI (21551) uart_task: UART_DHT_TEMP[0m
[0;32mI (21551) uart_task: 32.3[0m
read header
[0;32mI (31571) uart_task: UART_DHT_HUMID[0m
[0;32mI (31571) uart_task: 80.0[0m
read header
[0;32mI (31631) uart_task: UART_DHT_TEMP[0m
[0;32mI (31631) uart_task: 32.3[0m
read header
[0;32mI (41651) uart_task: UART_DHT_HUMID[0m
[0;32mI (41651) uart_task: 80.0[0m
read header
[0;32mI (41711) uart_task: UART_DHT_TEMP[0m
[0;32mI (41711) uart_task: 32.3[0m
read header
[0;32mI (51674) uart_task: UART_DHT_HUMID[0m
[0;32mI (51674) uart_task: 80.0[0m
read header
[0;32mI (51741) uart_task: UART_DHT_TEMP[0m
[0;32mI (51741) uart_task: 32.3[0m
read header
[0;32mI (61761) uart_task: UART_DHT_HUMID[0m
[0;32mI (61761) uart_task: 80.0[0m
read header
[0;32mI (61821) uart_task: UART_DHT_TEMP[0m
[0;32mI (61821) uart_task: 32.3[0m
read header
[0;32mI (71841) uart_task: UART_DHT_HUMID[0m
[0;32mI (71841) uart_task: 80.0[0m
read header
[0;32mI (71901) uart_task: UART_DHT_TEMP[0m
[0;32mI (71901) uart_task: 32.3[0m
read header
[0;32mI (81864) uart_task: UART_DHT_HUMID[0m
[0;32mI (81864) uart_task: 80.0[0m
read header
[0;32mI (81931) uart_task: UART_DHT_TEMP[0m
[0;32mI (81931) uart_task: 32.3[0m
read header
[0;32mI (91951) uart_task: UART_DHT_HUMID[0m
[0;32mI (91951) uart_task: 80.0[0m
read header
[0;32mI (92011) uart_task: UART_DHT_TEMP[0m
[0;32mI (92011) uart_task: 32.3[0m
read header
[0;32mI (102031) uart_task: UART_DHT_HUMID[0m
[0;32mI (102031) uart_task: 80.0[0m
read header
[0;32mI (102091) uart_task: UART_DHT_TEMP[0m
[0;32mI (102091) uart_task: 32.3[0m
read header
[0;32mI (112054) uart_task: UART_DHT_HUMID[0m
[0;32mI (112054) uart_task: 80.0[0m
read header
[0;32mI (112121) uart_task: UART_DHT_TEMP[0m
[0;32mI (112121) uart_task: 32.3[0m
read header
[0;32mI (122141) uart_task: UART_DHT_HUMID[0m
[0;32mI (122141) uart_task: 80.0[0m
read header
[0;32mI (122201) uart_task: UART_DHT_TEMP[0m
[0;32mI (122201) uart_task: 32.3[0m
read header
[0;32mI (132221) uart_task: UART_DHT_HUMID[0m
[0;32mI (132221) uart_task: 79.0[0m
read header
[0;32mI (132281) uart_task: UART_DHT_TEMP[0m
[0;32mI (132281) uart_task: 32.3[0m
read header
[0;32mI (142241) uart_task: UART_DHT_HUMID[0m
[0;32mI (142241) uart_task: 79.0[0m
read header
[0;32mI (142310) uart_task: UART_DHT_TEMP[0m
[0;32mI (142310) uart_task: 32.3[0m
read header
[0;32mI (152330) uart_task: UART_DHT_HUMID[0m
[0;32mI (152330) uart_task: 79.0[0m
read header
[0;32mI (152390) uart_task: UART_DHT_TEMP[0m
[0;32mI (152390) uart_task: 32.3[0m
read header
[0;32mI (162410) uart_task: UART_DHT_HUMID[0m
[0;32mI (162410) uart_task: 79.0[0m
read header
[0;32mI (162470) uart_task: UART_DHT_TEMP[0m
[0;32mI (162470) uart_task: 32.3[0m
read header
[0;32mI (172430) uart_task: UART_DHT_HUMID[0m
[0;32mI (172430) uart_task: 79.0[0m
read header
[0;32mI (172490) uart_task: UART_DHT_TEMP[0m
[0;32mI (172490) uart_task: 32.3[0m
read header
[0;32mI (182510) uart_task: UART_DHT_HUMID[0m
[0;32mI (182510) uart_task: 79.0[0m
read header
[0;32mI (182570) uart_task: UART_DHT_TEMP[0m
[0;32mI (182570) uart_task: 32.3[0m
read header
[0;32mI (192590) uart_task: UART_DHT_HUMID[0m
[0;32mI (192590) uart_task: 79.0[0m
read header
[0;32mI (192650) uart_task: UART_DHT_TEMP[0m
[0;32mI (192650) uart_task: 32.4[0m
read header
[0;32mI (202610) uart_task: UART_DHT_HUMID[0m
[0;32mI (202610) uart_task: 79.0[0m
read header
[0;32mI (202671) uart_task: UART_DHT_TEMP[0m
[0;32mI (202671) uart_task: 32.8[0m
read header
[0;32mI (212691) uart_task: UART_DHT_HUMID[0m
[0;32mI (212691) uart_task: 79.0[0m
read header
[0;32mI (212751) uart_task: UART_DHT_TEMP[0m
[0;32mI (212751) uart_task: 32.8[0m
read header
[0;32mI (222771) uart_task: UART_DHT_HUMID[0m
[0;32mI (222771) uart_task: 79.0[0m
read header
[0;32mI (222831) uart_task: UART_DHT_TEMP[0m
[0;32mI (222831) uart_task: 32.8[0m
read header
[0;32mI (232791) uart_task: UART_DHT_HUMID[0m
[0;32mI (232791) uart_task: 79.0[0m
read header
[0;32mI (232859) uart_task: UART_DHT_TEMP[0m
[0;32mI (232859) uart_task: 32.8[0m
read header
[0;32mI (242879) uart_task: UART_DHT_HUMID[0m
[0;32mI (242879) uart_task: 79.0[0m
read header
[0;32mI (242939) uart_task: UART_DHT_TEMP[0m
[0;32mI (242939) uart_task: 32.8[0m
read header
[0;32mI (252959) uart_task: UART_DHT_HUMID[0m
[0;32mI (252959) uart_task: 79.0[0m
read header
[0;32mI (253019) uart_task: UART_DHT_TEMP[0m
[0;32mI (253019) uart_task: 32.8[0m
read header
[0;32mI (262979) uart_task: UART_DHT_HUMID[0m
[0;32mI (262979) uart_task: 79.0[0m
read header
[0;32mI (263046) uart_task: UART_DHT_TEMP[0m
[0;32mI (263046) uart_task: 32.8[0m
