ets Jul 29 2019 12:21:46

rst:0x1 (Pï¿½ets Jul 29 2019 12:21:46

rst:0x1 (POWERON_RESET),boot:0x13 (SPI_FAST_FLASH_BOOT)
configsip: 0, SPIWP:0xee
clk_drv:0x00,q_drv:0x00,d_drv:0x00,cs0_drv:0x00,hd_drv:0x00,wp_drv:0x00
mode:DIO, clock div:2
load:0x3fff0030,len:7084
ho 0 tail 12 room 4
load:0x40078000,len:15584
load:0x40080400,len:4
load:0x40080404,len:3876
entry 0x4008064c
[0;32mI (31) boot: ESP-IDF v5.1.2-dirty 2nd stage bootloader[0m
[0;32mI (31) boot: compile time May  7 2024 18:02:14[0m
[0;32mI (31) boot: Multicore bootloader[0m
[0;32mI (36) boot: chip revision: v3.0[0m
[0;32mI (40) boot.esp32: SPI Speed      : 40MHz[0m
[0;32mI (44) boot.esp32: SPI Mode       : DIO[0m
[0;32mI (49) boot.esp32: SPI Flash Size : 2MB[0m
[0;32mI (53) boot: Enabling RNG early entropy source...[0m
[0;32mI (59) boot: Partition Table:[0m
[0;32mI (62) boot: ## Label            Usage          Type ST Offset   Length[0m
[0;32mI (70) boot:  0 nvs              WiFi data        01 02 00009000 00006000[0m
[0;32mI (77) boot:  1 phy_init         RF data          01 01 0000f000 00001000[0m
[0;32mI (85) boot:  2 factory          factory app      00 00 00010000 00100000[0m
[0;32mI (92) boot: End of partition table[0m
[0;32mI (96) esp_image: segment 0: paddr=00010020 vaddr=3f400020 size=25974h (153972) map[0m
[0;32mI (160) esp_image: segment 1: paddr=0003599c vaddr=3ffb0000 size=03ad4h ( 15060) load[0m
[0;32mI (167) esp_image: segment 2: paddr=00039478 vaddr=40080000 size=06ba0h ( 27552) load[0m
[0;32mI (178) esp_image: segment 3: paddr=00040020 vaddr=400d0020 size=8d0ech (577772) map[0m
[0;32mI (387) esp_image: segment 4: paddr=000cd114 vaddr=40086ba0 size=0fdf0h ( 65008) load[0m
[0;32mI (426) boot: Loaded app from partition at offset 0x10000[0m
[0;32mI (426) boot: Disabling RNG early entropy source...[0m
[0;32mI (437) cpu_start: Multicore app[0m
[0;32mI (438) cpu_start: Pro cpu up.[0m
[0;32mI (438) cpu_start: Starting app cpu, entry point is 0x40081460[0m
[0;32mI (0) cpu_start: App cpu up.[0m
[0;32mI (456) cpu_start: Pro cpu start user code[0m
[0;32mI (456) cpu_start: cpu freq: 160000000 Hz[0m
[0;32mI (456) cpu_start: Application information:[0m
[0;32mI (460) cpu_start: Project name:     test[0m
[0;32mI (465) cpu_start: App version:      v5.1.2-dirty[0m
[0;32mI (470) cpu_start: Compile time:     May  7 2024 18:01:56[0m
[0;32mI (477) cpu_start: ELF file SHA256:  5d4551c7...[0m
[0;32mI (482) cpu_start: ESP-IDF:          v5.1.2-dirty[0m
[0;32mI (487) cpu_start: Min chip rev:     v0.0[0m
[0;32mI (492) cpu_start: Max chip rev:     v3.99 [0m
[0;32mI (497) cpu_start: Chip rev:         v3.0[0m
[0;32mI (502) heap_init: Initializing. RAM available for dynamic allocation:[0m
[0;32mI (509) heap_init: At 3FFAE6E0 len 00001920 (6 KiB): DRAM[0m
[0;32mI (515) heap_init: At 3FFB7C18 len 000283E8 (160 KiB): DRAM[0m
[0;32mI (521) heap_init: At 3FFE0440 len 00003AE0 (14 KiB): D/IRAM[0m
[0;32mI (527) heap_init: At 3FFE4350 len 0001BCB0 (111 KiB): D/IRAM[0m
[0;32mI (534) heap_init: At 40096990 len 00009670 (37 KiB): IRAM[0m
[0;32mI (542) spi_flash: detected chip: generic[0m
[0;32mI (545) spi_flash: flash io: dio[0m
[0;33mW (549) spi_flash: Detected size(4096k) larger than the size in the binary image header(2048k). Using the size in the binary image header.[0m
[0;32mI (562) app_start: Starting scheduler on CPU0[0m
[0;32mI (567) app_start: Starting scheduler on CPU1[0m
[0;32mI (567) main_task: Started on CPU0[0m
[0;32mI (577) main_task: Calling app_main()[0m
I (612) wifi:wifi driver task: 3ffbfc6c, prio:23, stack:6656, core=0
I (632) wifi:wifi firmware version: 91b9630
I (633) wifi:wifi certification version: v7.0
I (633) wifi:config NVS flash: enabled
I (633) wifi:config nano formating: disabled
I (637) wifi:Init data frame dynamic rx buffer num: 32
I (642) wifi:Init static rx mgmt buffer num: 5
I (646) wifi:Init management short buffer num: 32
I (650) wifi:Init dynamic tx buffer num: 32
I (654) wifi:Init static rx buffer size: 1600
I (658) wifi:Init static rx buffer num: 10
I (662) wifi:Init dynamic rx buffer num: 32
[0;32mI (667) wifi_init: rx ba win: 6[0m
[0;32mI (670) wifi_init: tcpip mbox: 32[0m
[0;32mI (674) wifi_init: udp mbox: 6[0m
[0;32mI (677) wifi_init: tcp mbox: 6[0m
[0;32mI (681) wifi_init: tcp tx win: 5760[0m
[0;32mI (685) wifi_init: tcp rx win: 5760[0m
[0;32mI (690) wifi_init: tcp mss: 1440[0m
[0;32mI (693) wifi_init: WiFi IRAM OP enabled[0m
[0;32mI (698) wifi_init: WiFi RX IRAM OP enabled[0m
[0;32mI (704) wifi station: Starting connect[0m
[0;32mI (707) wifi station: Error check done[0m
[0;32mI (712) wifi station: Config done[0m
[0;32mI (719) phy_init: phy_version 4780,16b31a7,Sep 22 2023,20:42:16[0m
I (811) wifi:mode : sta (40:22:d8:63:7f:a4)
I (812) wifi:enable tsf
[0;32mI (814) wifi station: wifi_init_station finished.[0m
I (826) wifi:new:<6,0>, old:<1,0>, ap:<255,255>, sta:<6,0>, prof:1
I (828) wifi:state: init -> auth (b0)
I (834) wifi:state: auth -> init (1c0)
I (836) wifi:new:<6,0>, old:<6,0>, ap:<255,255>, sta:<6,0>, prof:1
[0;32mI (840) scan: retry to connect to the AP[0m
[0;32mI (840) scan: connect to the AP fail[0m
[0;32mI (3252) scan: retry to connect to the AP[0m
[0;32mI (3253) scan: connect to the AP fail[0m
I (3269) wifi:new:<6,0>, old:<6,0>, ap:<255,255>, sta:<6,0>, prof:1
I (3271) wifi:state: init -> auth (b0)
I (3279) wifi:state: auth -> assoc (0)
I (3297) wifi:state: assoc -> run (10)
I (3409) wifi:connected with MrAT, aid = 7, channel 6, BW20, bssid = 8e:e9:69:f3:65:cb
I (3409) wifi:security: WPA2-PSK, phy: bgn, rssi: -45
I (3416) wifi:pm start, type: 1

I (3496) wifi:AP's beacon interval = 102400 us, DTIM period = 2
[0;32mI (4421) esp_netif_handlers: sta ip: 192.168.43.192, mask: 255.255.255.0, gw: 192.168.43.1[0m
[0;32mI (4421) scan: got ip:192.168.43.192[0m
[0;32mI (4424) wifi station: Config done 2[0m
[0;32mI (4428) wifi station: connected to ap SSID:MrAT password:14042003[0m
[0;32mI (4434) http_server: Starting server on port: '80'[0m
[0;32mI (4444) http_server: Registering URI handlers[0m
[0;32mI (4446) http_server: Finish Regist URI handlers[0m
[0;32mI (4450) uart_task: start receive[0m
[0;32mI (4454) main_task: Returned from app_main()[0m
I (8029) wifi:<ba-add>idx:0 (ifx:0, 8e:e9:69:f3:65:cb), tid:0, ssn:2, winSize:64
1
1
1
1
1
1
1
1
1
1
1
1
1
1
1
1
