t 1: paddr=00031acc vaddr=3ffb0000ï¿½ets Jul 29 2019 12:21:46

rst:0x1 (POWERON_RESET),boot:0x13 (SPI_FAST_FLASH_BOOT)
configsip: 0, SPIWP:0xee
clk_drv:0x00,q_drv:0x00,d_drv:0x00,cs0_drv:0x00,hd_drv:0x00,wp_drv:0x00
mode:DIO, clock div:2
load:0x3fff0030,len:7172
load:0x40078000,len:15556
load:0x40080400,len:4
ho 8 tail 4 room 4
load:0x40080404,len:3904
entry 0x40080640
[0;32mI (31) boot: ESP-IDF v5.3-dev-1353-gb3f7e2c8a4-dirty 2nd stage bootloader[0m
[0;32mI (31) boot: compile time Apr  6 2024 00:22:38[0m
[0;32mI (33) boot: Multicore bootloader[0m
[0;32mI (37) boot: chip revision: v3.0[0m
[0;32mI (41) boot.esp32: SPI Speed      : 40MHz[0m
[0;32mI (46) boot.esp32: SPI Mode       : DIO[0m
[0;32mI (50) boot.esp32: SPI Flash Size : 2MB[0m
[0;32mI (55) boot: Enabling RNG early entropy source...[0m
[0;32mI (60) boot: Partition Table:[0m
[0;32mI (64) boot: ## Label            Usage          Type ST Offset   Length[0m
[0;32mI (71) boot:  0 nvs              WiFi data        01 02 00009000 00006000[0m
[0;32mI (79) boot:  1 phy_init         RF data          01 01 0000f000 00001000[0m
[0;32mI (86) boot:  2 factory          factory app      00 00 00010000 00100000[0m
[0;32mI (94) boot: End of partition table[0m
[0;32mI (98) esp_image: segment 0: paddr=00010020 vaddr=3f400020 size=21aa4h (137892) map[0m
[0;32mI (154) esp_image: segment 1: paddr=00031acc vaddr=3ffb0000 size=03c48h ( 15432) load[0m
[0;32mI (160) esp_image: segment 2: paddr=0003571c vaddr=40080000 size=0a8fch ( 43260) load[0m
[0;32mI (177) esp_image: segment 3: paddr=00040020 vaddr=400d0020 size=80cb4h (527540) map[0m
[0;32mI (358) esp_image: segment 4: paddr=000c0cdc vaddr=4008a8fc size=0bed0h ( 48848) load[0m
[0;32mI (388) boot: Loaded app from partition at offset 0x10000[0m
[0;32mI (389) boot: Disabling RNG early entropy source...[0m
[0;32mI (400) cpu_start: Multicore app[0m
[0;32mI (409) cpu_start: Pro cpu start user code[0m
[0;32mI (409) cpu_start: cpu freq: 160000000 Hz[0m
[0;32mI (409) cpu_start: Application information:[0m
[0;32mI (412) cpu_start: Project name:     wifi_station[0m
[0;32mI (417) cpu_start: App version:      v5.3-dev-1353-gb3f7e2c8a4-dirty[0m
[0;32mI (424) cpu_start: Compile time:     Apr  6 2024 00:21:26[0m
[0;32mI (430) cpu_start: ELF file SHA256:  259590d63...[0m
[0;32mI (436) cpu_start: ESP-IDF:          v5.3-dev-1353-gb3f7e2c8a4-dirty[0m
[0;32mI (443) cpu_start: Min chip rev:     v0.0[0m
[0;32mI (448) cpu_start: Max chip rev:     v3.99 [0m
[0;32mI (452) cpu_start: Chip rev:         v3.0[0m
[0;32mI (457) heap_init: Initializing. RAM available for dynamic allocation:[0m
[0;32mI (465) heap_init: At 3FFAE6E0 len 00001920 (6 KiB): DRAM[0m
[0;32mI (470) heap_init: At 3FFB7D60 len 000282A0 (160 KiB): DRAM[0m
[0;32mI (477) heap_init: At 3FFE0440 len 00003AE0 (14 KiB): D/IRAM[0m
[0;32mI (483) heap_init: At 3FFE4350 len 0001BCB0 (111 KiB): D/IRAM[0m
[0;32mI (489) heap_init: At 400967CC len 00009834 (38 KiB): IRAM[0m
[0;32mI (497) spi_flash: detected chip: generic[0m
[0;32mI (500) spi_flash: flash io: dio[0m
[0;33mW (504) spi_flash: Detected size(4096k) larger than the size in the binary image header(2048k). Using the size in the binary image header.[0m
[0;32mI (518) main_task: Started on CPU0[0m
[0;32mI (528) main_task: Calling app_main()[0m
[0;32mI (548) wifi station: ESP_WIFI_MODE_STA[0m
I (568) wifi:wifi driver task: 3ffbfe08, prio:23, stack:6656, core=0
I (578) wifi:wifi firmware version: 33290e7
I (578) wifi:wifi certification version: v7.0
I (578) wifi:config NVS flash: enabled
I (578) wifi:config nano formating: disabled
I (588) wifi:Init data frame dynamic rx buffer num: 32
I (588) wifi:Init static rx mgmt buffer num: 5
I (598) wifi:Init management short buffer num: 32
I (598) wifi:Init dynamic tx buffer num: 32
I (608) wifi:Init static rx buffer size: 1600
I (608) wifi:Init static rx buffer num: 10
I (608) wifi:Init dynamic rx buffer num: 32
[0;32mI (618) wifi_init: rx ba win: 6[0m
[0;32mI (618) wifi_init: accept mbox: 6[0m
[0;32mI (618) wifi_init: tcpip mbox: 32[0m
[0;32mI (628) wifi_init: udp mbox: 6[0m
[0;32mI (628) wifi_init: tcp mbox: 6[0m
[0;32mI (638) wifi_init: tcp tx win: 5760[0m
[0;32mI (638) wifi_init: tcp rx win: 5760[0m
[0;32mI (638) wifi_init: tcp mss: 1440[0m
[0;32mI (648) wifi_init: WiFi IRAM OP enabled[0m
[0;32mI (648) wifi_init: WiFi RX IRAM OP enabled[0m
[0;32mI (698) phy_init: phy_version 4791,2c4672b,Dec 20 2023,16:06:06[0m
I (778) wifi:mode : sta (b8:d6:1a:be:a7:28)
I (788) wifi:enable tsf
[0;32mI (3198) wifi station: retry to connect to the AP[0m
[0;32mI (3208) wifi station: connect to the AP fail[0m
[0;32mI (5618) wifi station: retry to connect to the AP[0m
[0;32mI (5618) wifi station: connect to the AP fail[0m
[0;32mI (8028) wifi station: retry to connect to the AP[0m
[0;32mI (8028) wifi station: connect to the AP fail[0m
[0;32mI (10448) wifi station: retry to connect to the AP[0m
[0;32mI (10448) wifi station: connect to the AP fail[0m
[0;32mI (12858) wifi station: retry to connect to the AP[0m
[0;32mI (12858) wifi station: connect to the AP fail[0m
[0;32mI (15268) wifi station: connect to the AP fail[0m
[0;32mI (15268) wifi station: Failed to connect to SSID:MrAT, password:14042003[0m
[0;32mI (15268) main_task: Returned from app_main()[0m
