ets Jul 29 2019 12:21:46

rst:0x1 (POWERON_RESET),boot:0x13 (SPI_FAST_FLASH_BOOT)
configsip: 0, SPIWP:0xee
clk_drv:0x00,q_drv:0x00,d_drv:0x00,cs0_drv:0x00,hd_drv:0x00,wp_drv:0x00
mode:DIO, clock div:2
load:0x3fff0030,len:7172
load:0x40078000,len:15556
load:0x40080400,len:4
ho 8 tail 4 room 4
load:0x40080404,len:3904
entry 0x40080640
[0;32mI (31) boot: ESP-IDF v5.3-dev-1353-gb3f7e2c8a4-dirty 2nd stage bootloader[0m
[0;32mI (31) boot: compile time Apr 23 2024 14:30:59[0m
[0;32mI (33) boot: Multicore bootloader[0m
[0;32mI (37) boot: chip revision: v3.0[0m
[0;32mI (41) boot.esp32: SPI Speed      : 40MHz[0m
[0;32mI (46) boot.esp32: SPI Mode       : DIO[0m
[0;32mI (50) boot.esp32: SPI Flash Size : 2MB[0m
[0;32mI (55) boot: Enabling RNG early entropy source...[0m
[0;32mI (60) boot: Partition Table:[0m
[0;32mI (64) boot: ## Label            Usage          Type ST Offset   Length[0m
[0;32mI (71) boot:  0 nvs              WiFi data        01 02 00009000 00006000[0m
[0;32mI (79) boot:  1 phy_init         RF data          01 01 0000f000 00001000[0m
[0;32mI (86) boot:  2 factory          factory app      00 00 00010000 00100000[0m
[0;32mI (94) boot: End of partition table[0m
[0;32mI (98) esp_image: segment 0: paddr=00010020 vaddr=3f400020 size=25ed4h (155348) map[0m
[0;32mI (160) esp_image: segment 1: paddr=00035efc vaddr=3ffb0000 size=03c48h ( 15432) load[0m
[0;32mI (166) esp_image: segment 2: paddr=00039b4c vaddr=40080000 size=064cch ( 25804) load[0m
[0;32mI (176) esp_image: segment 3: paddr=00040020 vaddr=400d0020 size=89b48h (564040) map[0m
[0;32mI (369) esp_image: segment 4: paddr=000c9b70 vaddr=400864cc size=1036ch ( 66412) load[0m
[0;32mI (407) boot: Loaded app from partition at offset 0x10000[0m
[0;32mI (407) boot: Disabling RNG early entropy source...[0m
[0;32mI (419) cpu_start: Multicore app[0m
[0;32mI (427) cpu_start: Pro cpu start user code[0m
[0;32mI (427) cpu_start: cpu freq: 160000000 Hz[0m
[0;32mI (428) cpu_start: Application information:[0m
[0;32mI (430) cpu_start: Project name:     test[0m
[0;32mI (435) cpu_start: App version:      v5.3-dev-1353-gb3f7e2c8a4-dirty[0m
[0;32mI (442) cpu_start: Compile time:     Apr 23 2024 14:30:45[0m
[0;32mI (448) cpu_start: ELF file SHA256:  9e1f34d7e...[0m
[0;32mI (454) cpu_start: ESP-IDF:          v5.3-dev-1353-gb3f7e2c8a4-dirty[0m
[0;32mI (461) cpu_start: Min chip rev:     v0.0[0m
[0;32mI (465) cpu_start: Max chip rev:     v3.99 [0m
[0;32mI (470) cpu_start: Chip rev:         v3.0[0m
[0;32mI (475) heap_init: Initializing. RAM available for dynamic allocation:[0m
[0;32mI (482) heap_init: At 3FFAE6E0 len 00001920 (6 KiB): DRAM[0m
[0;32mI (488) heap_init: At 3FFB7D68 len 00028298 (160 KiB): DRAM[0m
[0;32mI (494) heap_init: At 3FFE0440 len 00003AE0 (14 KiB): D/IRAM[0m
[0;32mI (501) heap_init: At 3FFE4350 len 0001BCB0 (111 KiB): D/IRAM[0m
[0;32mI (507) heap_init: At 40096838 len 000097C8 (37 KiB): IRAM[0m
[0;32mI (515) spi_flash: detected chip: generic[0m
[0;32mI (518) spi_flash: flash io: dio[0m
[0;33mW (522) spi_flash: Detected size(4096k) larger than the size in the binary image header(2048k). Using the size in the binary image header.[0m
[0;32mI (536) main_task: Started on CPU0[0m
[0;32mI (546) main_task: Calling app_main()[0m
I (596) wifi:wifi driver task: 3ffbfe08, prio:23, stack:6656, core=0
I (616) wifi:wifi firmware version: 33290e7
I (616) wifi:wifi certification version: v7.0
I (616) wifi:config NVS flash: enabled
I (616) wifi:config nano formating: disabled
I (626) wifi:Init data frame dynamic rx buffer num: 32
I (626) wifi:Init static rx mgmt buffer num: 5
I (636) wifi:Init management short buffer num: 32
I (636) wifi:Init dynamic tx buffer num: 32
I (636) wifi:Init static rx buffer size: 1600
I (646) wifi:Init static rx buffer num: 10
I (646) wifi:Init dynamic rx buffer num: 32
[0;32mI (656) wifi_init: rx ba win: 6[0m
[0;32mI (656) wifi_init: accept mbox: 6[0m
[0;32mI (656) wifi_init: tcpip mbox: 32[0m
[0;32mI (666) wifi_init: udp mbox: 6[0m
[0;32mI (666) wifi_init: tcp mbox: 6[0m
[0;32mI (676) wifi_init: tcp tx win: 5760[0m
[0;32mI (676) wifi_init: tcp rx win: 5760[0m
[0;32mI (676) wifi_init: tcp mss: 1440[0m
[0;32mI (686) wifi_init: WiFi IRAM OP enabled[0m
[0;32mI (686) wifi_init: WiFi RX IRAM OP enabled[0m
[0;32mI (696) wifi station: Starting connect[0m
[0;32mI (696) wifi station: Error check done[0m
[0;32mI (706) wifi station: Config done[0m
[0;32mI (706) phy_init: phy_version 4791,2c4672b,Dec 20 2023,16:06:06[0m
I (796) wifi:mode : sta (b8:d6:1a:67:fa:0c)
I (796) wifi:enable tsf
[0;32mI (796) wifi station: wifi_init_station finished.[0m
I (806) wifi:new:<11,0>, old:<1,0>, ap:<255,255>, sta:<11,0>, prof:1
I (816) wifi:state: init -> auth (b0)
I (816) wifi:state: auth -> assoc (0)
I (826) wifi:state: assoc -> run (10)
I (836) wifi:connected with SIX TRET, aid = 1, channel 11, BW20, bssid = 24:f2:7f:b2:72:20
I (836) wifi:security: WPA2-PSK, phy: bgn, rssi: -70
I (846) wifi:pm start, type: 1

I (846) wifi:dp: 1, bi: 102400, li: 3, scale listen interval from 307200 us to 307200 us
I (876) wifi:<ba-add>idx:0 (ifx:0, 24:f2:7f:b2:72:20), tid:0, ssn:2, winSize:64
I (906) wifi:AP's beacon interval = 102400 us, DTIM period = 1
[0;32mI (2356) esp_netif_handlers: sta ip: 172.16.0.98, mask: 255.255.252.0, gw: 172.16.0.1[0m
[0;32mI (2356) scan: got ip:172.16.0.98[0m
[0;32mI (2356) wifi station: Config done 2[0m
[0;32mI (2356) wifi station: connected to ap SSID:SIX TRET password:chaokhub[0m
[0;32mI (2366) http_server: Starting server on port: '8001'[0m
[0;32mI (2376) http_server: Registering URI handlers[0m
[0;32mI (2376) main_task: Returned from app_main()[0m
