egment 3: paddr=00040020 vaddr=400d0020 size=89b48ï¿½ets Jul 29 2019 12:21:46

rst:0x1 (POWERON_RESET),boot:0x13 (SPI_FAST_FLASH_BOOT)
configsip: 0, SPIWP:0xee
clk_drv:0x00,q_drv:0x00,d_drv:0x00,cs0_drv:0x00,hd_drv:0x00,wp_drv:0x00
mode:DIO, clock div:2
load:0x3fff0030,len:7172
load:0x40078000,len:15556
load:0x40080400,len:4
ho 8 tail 4 room 4
load:0x40080404,len:3904
entry 0x40080640
[0;32mI (31) boot: ESP-IDF v5.3-dev-1353-gb3f7e2c8a4-dirty 2nd stage bootloader[0m
[0;32mI (31) boot: compile time Apr 23 2024 14:30:59[0m
[0;32mI (33) boot: Multicore bootloader[0m
[0;32mI (37) boot: chip revision: v3.0[0m
[0;32mI (41) boot.esp32: SPI Speed      : 40MHz[0m
[0;32mI (46) boot.esp32: SPI Mode       : DIO[0m
[0;32mI (50) boot.esp32: SPI Flash Size : 2MB[0m
[0;32mI (55) boot: Enabling RNG early entropy source...[0m
[0;32mI (60) boot: Partition Table:[0m
[0;32mI (64) boot: ## Label            Usage          Type ST Offset   Length[0m
[0;32mI (71) boot:  0 nvs              WiFi data        01 02 00009000 00006000[0m
[0;32mI (79) boot:  1 phy_init         RF data          01 01 0000f000 00001000[0m
[0;32mI (86) boot:  2 factory          factory app      00 00 00010000 00100000[0m
[0;32mI (94) boot: End of partition table[0m
[0;32mI (98) esp_image: segment 0: paddr=00010020 vaddr=3f400020 size=25224h (152100) map[0m
[0;32mI (159) esp_image: segment 1: paddr=0003524c vaddr=3ffb0000 size=03c48h ( 15432) load[0m
[0;32mI (164) esp_image: segment 2: paddr=00038e9c vaddr=40080000 size=0717ch ( 29052) load[0m
[0;32mI (176) esp_image: segment 3: paddr=00040020 vaddr=400d0020 size=89b48h (564040) map[0m
[0;32mI (370) esp_image: segment 4: paddr=000c9b70 vaddr=4008717c size=0f6bch ( 63164) load[0m
[0;32mI (406) boot: Loaded app from partition at offset 0x10000[0m
[0;32mI (406) boot: Disabling RNG early entropy source...[0m
[0;32mI (417) cpu_start: Multicore app[0m
[0;32mI (426) cpu_start: Pro cpu start user code[0m
[0;32mI (426) cpu_start: cpu freq: 160000000 Hz[0m
[0;32mI (426) cpu_start: Application information:[0m
[0;32mI (429) cpu_start: Project name:     test[0m
[0;32mI (434) cpu_start: App version:      v5.3-dev-1353-gb3f7e2c8a4-dirty[0m
[0;32mI (441) cpu_start: Compile time:     Apr 23 2024 14:30:45[0m
[0;32mI (447) cpu_start: ELF file SHA256:  39e2d8975...[0m
[0;32mI (453) cpu_start: ESP-IDF:          v5.3-dev-1353-gb3f7e2c8a4-dirty[0m
[0;32mI (460) cpu_start: Min chip rev:     v0.0[0m
[0;32mI (464) cpu_start: Max chip rev:     v3.99 [0m
[0;32mI (469) cpu_start: Chip rev:         v3.0[0m
[0;32mI (474) heap_init: Initializing. RAM available for dynamic allocation:[0m
[0;32mI (481) heap_init: At 3FFAE6E0 len 00001920 (6 KiB): DRAM[0m
[0;32mI (487) heap_init: At 3FFB7D68 len 00028298 (160 KiB): DRAM[0m
[0;32mI (493) heap_init: At 3FFE0440 len 00003AE0 (14 KiB): D/IRAM[0m
[0;32mI (500) heap_init: At 3FFE4350 len 0001BCB0 (111 KiB): D/IRAM[0m
[0;32mI (506) heap_init: At 40096838 len 000097C8 (37 KiB): IRAM[0m
[0;32mI (514) spi_flash: detected chip: generic[0m
[0;32mI (517) spi_flash: flash io: dio[0m
[0;33mW (521) spi_flash: Detected size(4096k) larger than the size in the binary image header(2048k). Using the size in the binary image header.[0m
[0;32mI (535) main_task: Started on CPU0[0m
[0;32mI (545) main_task: Calling app_main()[0m
I (585) wifi:wifi driver task: 3ffbfd84, prio:23, stack:6656, core=0
I (605) wifi:wifi firmware version: 33290e7
I (605) wifi:wifi certification version: v7.0
I (605) wifi:config NVS flash: enabled
I (605) wifi:config nano formating: disabled
I (605) wifi:Init data frame dynamic rx buffer num: 32
I (615) wifi:Init static rx mgmt buffer num: 5
I (615) wifi:Init management short buffer num: 32
I (615) wifi:Init dynamic tx buffer num: 32
I (625) wifi:Init static rx buffer size: 1600
I (625) wifi:Init static rx buffer num: 10
I (635) wifi:Init dynamic rx buffer num: 32
[0;32mI (635) wifi_init: rx ba win: 6[0m
[0;32mI (635) wifi_init: accept mbox: 6[0m
[0;32mI (645) wifi_init: tcpip mbox: 32[0m
[0;32mI (645) wifi_init: udp mbox: 6[0m
[0;32mI (645) wifi_init: tcp mbox: 6[0m
[0;32mI (655) wifi_init: tcp tx win: 5760[0m
[0;32mI (655) wifi_init: tcp rx win: 5760[0m
[0;32mI (665) wifi_init: tcp mss: 1440[0m
[0;32mI (665) wifi_init: WiFi IRAM OP enabled[0m
[0;32mI (675) wifi_init: WiFi RX IRAM OP enabled[0m
[0;32mI (675) wifi station: Starting connect[0m
[0;32mI (675) wifi station: Error check done[0m
[0;32mI (685) wifi station: Config done[0m
[0;32mI (695) phy_init: phy_version 4791,2c4672b,Dec 20 2023,16:06:06[0m
I (775) wifi:mode : sta (b8:d6:1a:67:fa:0c)
I (785) wifi:enable tsf
[0;32mI (785) wifi station: wifi_init_station finished.[0m
I (795) wifi:new:<6,0>, old:<1,0>, ap:<255,255>, sta:<6,0>, prof:1
I (795) wifi:state: init -> auth (b0)
I (815) wifi:state: auth -> assoc (0)
I (825) wifi:state: assoc -> run (10)
I (855) wifi:connected with SIX TRET, aid = 1, channel 6, BW20, bssid = a8:bd:27:81:09:60
I (855) wifi:security: WPA2-PSK, phy: bgn, rssi: -53
I (865) wifi:pm start, type: 1

I (865) wifi:dp: 1, bi: 102400, li: 3, scale listen interval from 307200 us to 307200 us
I (895) wifi:AP's beacon interval = 102400 us, DTIM period = 1
I (1045) wifi:<ba-add>idx:0 (ifx:0, a8:bd:27:81:09:60), tid:0, ssn:2, winSize:64
[0;32mI (1875) esp_netif_handlers: sta ip: 172.16.3.151, mask: 255.255.252.0, gw: 172.16.0.1[0m
[0;32mI (1875) scan: got ip:172.16.3.151[0m
[0;32mI (1875) wifi station: Config done 2[0m
[0;32mI (1875) wifi station: connected to ap SSID:SIX TRET password:chaokhub[0m
[0;32mI (1885) http_server: Starting server on port: '8001'[0m
[0;32mI (1895) http_server: Registering URI handlers[0m
[0;32mI (1895) main_task: Returned from app_main()[0m
ifi_init: rx ba win: 6[0m
[0;32mI (635) wifi_init: accept mbox: 6[0m
[0;32mI (645) wifi_init: tcpip mbox: 32[0m
[0;32mI (645) wifi_init: udp mbox: 6[0m
[0;32mI (645) wifi_init: tcp mbox: 6[0m
[0;32mI (655) wifi_init: tcp tx win: 5760[0m
[0;32mI (655) wifi_init: tcp rx win: 5760[0m
[0;32mI (665) wifi_init: tcp mss: 1440[0m
[0;32mI (665) wifi_init: WiFi IRAM OP enabled[0m
[0;32mI (675) wifi_init: WiFi RX IRAM OP enabled[0m
[0;32mI (675) wifi station: Starting connect[0m
[0;32mI (675) wifi station: Error check done[0m
[0;32mI (685) wifi station: Config done[0m
[0;32mI (695) phy_init: phy_version 4791,2c4672b,Dec 20 2023,16:06:06[0m
I (775) wifi:mode : sta (b8:d6:1a:67:fa:0c)
I (775) wifi:enable tsf
[0;32mI (785) wifi station: wifi_init_station finished.[0m
I (795) wifi:new:<6,0>, old:<1,0>, ap:<255,255>, sta:<6,0>, prof:1
I (795) wifi:state: init -> auth (b0)
I (805) wifi:state: auth -> assoc (0)
I (805) wifi:state: assoc -> run (10)
I (835) wifi:connected with SIX TRET, aid = 1, channel 6, BW20, bssid = a8:bd:27:81:09:60
I (835) wifi:security: WPA2-PSK, phy: bgn, rssi: -63
I (845) wifi:pm start, type: 1

I (845) wifi:dp: 1, bi: 102400, li: 3, scale listen interval from 307200 us to 307200 us
I (885) wifi:<ba-add>idx:0 (ifx:0, a8:bd:27:81:09:60), tid:0, ssn:2, winSize:64
I (985) wifi:AP's beacon interval = 102400 us, DTIM period = 1
[0;32mI (1845) esp_netif_handlers: sta ip: 172.16.3.151, mask: 255.255.252.0, gw: 172.16.0.1[0m
[0;32mI (1845) scan: got ip:172.16.3.151[0m
[0;32mI (1845) wifi station: Config done 2[0m
[0;32mI (1845) wifi station: connected to ap SSID:SIX TRET password:chaokhub[0m
[0;32mI (1855) http_server: Starting server on port: '8001'[0m
[0;32mI (1865) http_server: Registering URI handlers[0m
[0;32mI (1865) main_task: Returned from app_main()[0m
